// Jest Snapshot v1, https://goo.gl/fbAQLP

exports[`Компонент Main компонент рендерится 1`] = `
[
  " ",
  "Загрузка треков...",
]
`;
